﻿
> codearena-client@1.0.0 build
> vite build

[36mvite v5.4.21 [32mbuilding for production...[36m[39m
transforming...
[32mΓ£ô[39m 2206 modules transformed.
node.exe : [31mx[39m 
Build failed in 6.44s
At line:1 char:1
+ & "C:\Program 
Files\nodejs/node.exe" 
"C:\Program 
Files\nodejs/node_mo ...
+ ~~~~~~~~~~~~~~~~~~~~~~~~~
~~~~~~~~~~~~~~~~~~~~~~~~~~~
~~~~~~~~~~~~~~~~~
    + CategoryInfo         
     : NotSpecified: ([3  
  1mx[39m Build failed    
 in 6.44s:String) [], R    
emoteException
    + FullyQualifiedErrorI 
   d : NativeCommandError
 
[31merror during build:
[31msrc/pages/SettingsPage
.jsx (3:24): "toast" is 
not exported by "src/compon
ents/ui/index.jsx", 
imported by "src/pages/Sett
ingsPage.jsx".[31m
file: [36mC:/Users/Lenovo/
Desktop/forje/client/src/pa
ges/SettingsPage.jsx:3:24[
31m
[33m
1: import { useState, 
useEffect } from 'react';
2: import { useAuthStore } 
from '@/store';
3: import { Button, Input, 
toast } from 
'@/components/ui';
                           
^
4: import Icons from 
'@/assets/icons';
5: import api from 
'@/lib/api';
[31m
    at getRollupError (file
:///C:/Users/Lenovo/Desktop
/forje/client/node_modules/
rollup/dist/es/shared/parse
Ast.js:402:41)
    at error (file:///C:/Us
ers/Lenovo/Desktop/forje/cl
ient/node_modules/rollup/di
st/es/shared/parseAst.js:39
8:42)
    at Module.error (file:/
//C:/Users/Lenovo/Desktop/f
orje/client/node_modules/ro
llup/dist/es/shared/node-en
try.js:17040:16)
    at 
Module.traceVariable (file:
///C:/Users/Lenovo/Desktop/
forje/client/node_modules/r
ollup/dist/es/shared/node-e
ntry.js:17452:29)
    at 
ModuleScope.findVariable (f
ile:///C:/Users/Lenovo/Desk
top/forje/client/node_modul
es/rollup/dist/es/shared/no
de-entry.js:15070:39)
    at 
FunctionScope.findVariable 
(file:///C:/Users/Lenovo/De
sktop/forje/client/node_mod
ules/rollup/dist/es/shared/
node-entry.js:5673:38)
    at FunctionBodyScope.fi
ndVariable (file:///C:/User
s/Lenovo/Desktop/forje/clie
nt/node_modules/rollup/dist
/es/shared/node-entry.js:56
73:38)
    at ReturnValueScope.fin
dVariable (file:///C:/Users
/Lenovo/Desktop/forje/clien
t/node_modules/rollup/dist/
es/shared/node-entry.js:567
3:38)
    at FunctionBodyScope.fi
ndVariable (file:///C:/User
s/Lenovo/Desktop/forje/clie
nt/node_modules/rollup/dist
/es/shared/node-entry.js:56
73:38)
    at 
BlockScope.findVariable (fi
le:///C:/Users/Lenovo/Deskt
op/forje/client/node_module
s/rollup/dist/es/shared/nod
e-entry.js:5673:38)[39m
